// Jest Snapshot v1, https://goo.gl/fbAQLP

exports[`utils reverse should reverse object key/values 1`] = `
Object {
  "a": "first",
  "b": "second",
}
`;
